   0.000000e+00   3.088255e+02   3.000489e+02   2.997910e+02   2.965800e+02   3.003042e+02   2.984272e+02   2.991426e+02   2.906080e+02  -2.880725e+01   2.321033e+01
