      -17.097223727656580     -132.291494047551083      170.679371880844940      -99.452644929828580       -1.720598375149814
